2026-09-28 19.24.04 [INFO] Windows Setup Manager kaynnistetty
2026-09-28 19.24.14 [INFO] Profiili Gaming kaynnistetaan
2026-09-28 19.24.14 [INFO] Discord kaynnistetty
2026-09-28 19.24.14 [INFO] Riot Client kaynnistetty
2026-09-28 19.24.14 [INFO] Verkkosivu avattu: https://tracker.gg/valorant
2026-09-28 19.26.19 [INFO] Windows Setup Manager lopetettu
2026-09-28 19.26.21 [INFO] Windows Setup Manager lopetettu
2026-09-28 19.26.26 [INFO] Windows Setup Manager lopetettu
2026-09-28 19.26.27 [INFO] Windows Setup Manager lopetettu
2026-09-28 19.26.27 [INFO] Windows Setup Manager lopetettu
2026-09-28 19.26.27 [INFO] Windows Setup Manager lopetettu
2026-09-28 19.26.27 [INFO] Windows Setup Manager lopetettu
2026-09-28 19.26.28 [INFO] Windows Setup Manager lopetettu
2026-09-28 19.26.28 [INFO] Windows Setup Manager lopetettu
2026-09-28 19.26.28 [INFO] Windows Setup Manager lopetettu
2026-09-28 19.26.28 [INFO] Windows Setup Manager lopetettu
2026-09-28 19.26.29 [INFO] Windows Setup Manager lopetettu
2026-09-28 19.26.29 [INFO] Windows Setup Manager lopetettu
2026-09-28 19.26.29 [INFO] Windows Setup Manager lopetettu
2026-09-28 19.26.29 [INFO] Windows Setup Manager lopetettu
2026-09-28 19.26.29 [INFO] Windows Setup Manager lopetettu
2026-09-28 19.26.30 [INFO] Windows Setup Manager lopetettu
2026-09-28 19.26.31 [INFO] Windows Setup Manager lopetettu
2026-09-28 19.26.31 [INFO] Windows Setup Manager lopetettu
2026-09-28 19.26.31 [INFO] Windows Setup Manager lopetettu
2026-09-28 19.27.42 [INFO] Windows Setup Manager kaynnistetty
2026-09-28 19.28.02 [INFO] Profiili Gaming kaynnistetaan
2026-09-28 19.28.02 [INFO] Discord oli jo kaynnissa
2026-09-28 19.28.02 [INFO] Riot Client oli jo kaynnissa
2026-09-28 19.28.02 [INFO] Verkkosivu avattu: https://tracker.gg/valorant
2026-09-28 19.28.46 [INFO] Ohjelmien tila tarkistettu
2026-09-28 19.29.22 [INFO] Windows Setup Manager lopetettu
2026-09-28 19.41.38 [INFO] Windows Setup Manager kaynnistetty
2026-09-28 19.41.42 [INFO] Profiili TikTok LIVE kaynnistetaan
2026-09-28 19.41.42 [WARNING] TikTok LIVE Studio ei loytynyt polusta C:\Users\tuukk\AppData\Local\TikTok LIVE Studio\TikTok LIVE Studio.exe
2026-09-28 19.42.03 [INFO] Windows Setup Manager kaynnistetty
2026-09-28 19.42.08 [INFO] Prosessi Discord suljettu
2026-09-28 19.42.08 [INFO] Prosessi RiotClientServices suljettu
2026-09-28 19.42.24 [INFO] Profiili Gaming kaynnistetaan
2026-09-28 19.42.24 [INFO] Discord kaynnistetty
2026-09-28 19.42.24 [INFO] Riot Client kaynnistetty
2026-09-28 19.42.25 [INFO] Verkkosivu avattu: https://tracker.gg/valorant
2026-09-28 19.42.50 [INFO] Prosessi Discord suljettu
2026-09-28 19.42.50 [INFO] Prosessi RiotClientServices suljettu
2026-09-28 19.45.08 [INFO] Windows Setup Manager kaynnistetty
2026-09-28 19.45.24 [INFO] Profiili Gaming kaynnistetaan
2026-09-28 19.45.24 [INFO] Discord kaynnistetty
2026-09-28 19.45.24 [INFO] Riot Client kaynnistetty
2026-09-28 19.45.24 [INFO] Verkkosivu avattu Chromessa: https://tracker.gg/valorant
