2026-09-28 19.54.52 [INFO] Windows Setup Manager kaynnistetty
2026-09-28 19.59.49 [INFO] Windows Setup Manager kaynnistetty
2026-09-28 19.59.52 [INFO] Profiili Gaming kaynnistetaan
2026-09-28 19.59.52 [INFO] Discord kaynnistetty
2026-09-28 19.59.52 [INFO] Riot Client oli jo kaynnissa
2026-09-28 19.59.52 [INFO] Verkkosivu avattu Chromessa: https://tracker.gg/valorant
2026-09-28 19.59.52 [INFO] Profiili Gaming kaynnistetty
2026-09-28 20.46.03 [INFO] Windows Setup Manager lopetettu
2026-09-28 20.46.11 [INFO] Windows Setup Manager kaynnistetty
2026-09-28 20.46.14 [INFO] Ohjelmien tila tarkistettu
2026-09-28 20.49.53 [INFO] Profiili Gaming kaynnistetaan
2026-09-28 20.49.53 [INFO] Discord oli jo kaynnissa
2026-09-28 20.49.53 [INFO] Riot Client oli jo kaynnissa
2026-09-28 20.49.53 [INFO] Verkkosivu avattu Chromessa: https://tracker.gg/valorant
2026-09-28 20.49.53 [INFO] Profiili Gaming kaynnistetty
2026-09-28 21.00.08 [INFO] Profiili Koulu kaynnistetaan
2026-09-28 21.00.08 [INFO] Microsoft Edge oli jo kaynnissa
2026-09-28 21.00.08 [INFO] Verkkosivu avattu Chromessa: https://www.office.com/
2026-09-28 21.00.08 [INFO] Kansio avattu: C:\Users\tuukk\Documents
2026-09-28 21.00.08 [INFO] Kansio avattu: C:\Users\tuukk\Downloads
2026-09-28 21.00.08 [INFO] Profiili Koulu kaynnistetty
2026-09-28 21.01.09 [INFO] Profiili TikTok LIVE kaynnistetaan
2026-09-28 21.01.09 [WARNING] TikTok LIVE Studio ei loytynyt polusta C:\Users\tuukk\AppData\Local\TikTok LIVE Studio\TikTok LIVE Studio.exe
2026-09-28 21.01.09 [INFO] Profiili TikTok LIVE kaynnistetty
2026-09-28 21.03.55 [INFO] Windows Setup Manager lopetettu
2026-09-28 21.04.23 [INFO] Windows Setup Manager kaynnistetty
2026-09-28 21.06.04 [INFO] Profiili TikTok LIVE kaynnistetaan
2026-09-28 21.06.04 [INFO] TikTok LIVE Studio kaynnistetty
2026-09-28 21.06.04 [INFO] Profiili TikTok LIVE kaynnistetty
2026-09-28 21.07.00 [INFO] Windows Setup Manager kaynnistetty
2026-09-28 21.08.31 [INFO] Windows Setup Manager lopetettu
